Archive member included because of file (symbol)

d:/aplicaciones/atmel/avr tools/avr toolchain/bin/../lib/gcc/avr/4.5.1/avr5\libgcc.a(_mulsi3.o)
                              Perif/ULTRASONIC.o (__mulsi3)
d:/aplicaciones/atmel/avr tools/avr toolchain/bin/../lib/gcc/avr/4.5.1/avr5\libgcc.a(_udivmodhi4.o)
                              main.o (__udivmodhi4)
d:/aplicaciones/atmel/avr tools/avr toolchain/bin/../lib/gcc/avr/4.5.1/avr5\libgcc.a(_udivmodsi4.o)
                              Perif/ULTRASONIC.o (__udivmodsi4)
d:/aplicaciones/atmel/avr tools/avr toolchain/bin/../lib/gcc/avr/4.5.1/avr5\libgcc.a(_exit.o)
                              d:/aplicaciones/atmel/avr tools/avr toolchain/bin/../lib/gcc/avr/4.5.1/../../../../avr/lib/avr5/crtm328p.o (exit)
d:/aplicaciones/atmel/avr tools/avr toolchain/bin/../lib/gcc/avr/4.5.1/avr5\libgcc.a(_copy_data.o)
                              main.o (__do_copy_data)
d:/aplicaciones/atmel/avr tools/avr toolchain/bin/../lib/gcc/avr/4.5.1/avr5\libgcc.a(_clear_bss.o)
                              main.o (__do_clear_bss)
d:/aplicaciones/atmel/avr tools/avr toolchain/bin/../lib/gcc/avr/4.5.1/../../../../avr/lib/avr5\libc.a(itoa.o)
                              Perif/LCD.o (itoa)
d:/aplicaciones/atmel/avr tools/avr toolchain/bin/../lib/gcc/avr/4.5.1/../../../../avr/lib/avr5\libc.a(strrev.o)
                              d:/aplicaciones/atmel/avr tools/avr toolchain/bin/../lib/gcc/avr/4.5.1/../../../../avr/lib/avr5\libc.a(itoa.o) (strrev)

Allocating common symbols
Common symbol       size              file

bateria_p           0x2               main.o
bateriaLecturaAdc   0x2               main.o
timer2_toggle_count
                    0x4               Perif/ULTRASONIC.o
bateria_mV          0x2               main.o

Discarded input sections

 .data          0x00000000        0x0 d:/aplicaciones/atmel/avr tools/avr toolchain/bin/../lib/gcc/avr/4.5.1/../../../../avr/lib/avr5/crtm328p.o
 .bss           0x00000000        0x0 d:/aplicaciones/atmel/avr tools/avr toolchain/bin/../lib/gcc/avr/4.5.1/../../../../avr/lib/avr5/crtm328p.o
 .text          0x00000000        0x0 main.o
 .bss           0x00000000        0x0 main.o
 .text          0x00000000        0x0 Perif/ADC.o
 .data          0x00000000        0x0 Perif/ADC.o
 .bss           0x00000000        0x0 Perif/ADC.o
 .text          0x00000000        0x0 Perif/LCD.o
 .data          0x00000000        0x0 Perif/LCD.o
 .bss           0x00000000        0x0 Perif/LCD.o
 .text          0x00000000        0x0 Perif/ULTRASONIC.o
 .data          0x00000000        0x0 Perif/ULTRASONIC.o
 .bss           0x00000000        0x0 Perif/ULTRASONIC.o
 .text.Buzzer_Off
                0x00000000        0xe Perif/ULTRASONIC.o
 .text          0x00000000        0x0 Perif/USART_irq.o
 .data          0x00000000        0x0 Perif/USART_irq.o
 .bss           0x00000000        0x0 Perif/USART_irq.o
 .text.USART_Transmit
                0x00000000       0x2a Perif/USART_irq.o
 .text.USART_putstring
                0x00000000       0x1e Perif/USART_irq.o
 .text          0x00000000        0x0 d:/aplicaciones/atmel/avr tools/avr toolchain/bin/../lib/gcc/avr/4.5.1/avr5\libgcc.a(_mulsi3.o)
 .data          0x00000000        0x0 d:/aplicaciones/atmel/avr tools/avr toolchain/bin/../lib/gcc/avr/4.5.1/avr5\libgcc.a(_mulsi3.o)
 .bss           0x00000000        0x0 d:/aplicaciones/atmel/avr tools/avr toolchain/bin/../lib/gcc/avr/4.5.1/avr5\libgcc.a(_mulsi3.o)
 .text          0x00000000        0x0 d:/aplicaciones/atmel/avr tools/avr toolchain/bin/../lib/gcc/avr/4.5.1/avr5\libgcc.a(_udivmodhi4.o)
 .data          0x00000000        0x0 d:/aplicaciones/atmel/avr tools/avr toolchain/bin/../lib/gcc/avr/4.5.1/avr5\libgcc.a(_udivmodhi4.o)
 .bss           0x00000000        0x0 d:/aplicaciones/atmel/avr tools/avr toolchain/bin/../lib/gcc/avr/4.5.1/avr5\libgcc.a(_udivmodhi4.o)
 .text          0x00000000        0x0 d:/aplicaciones/atmel/avr tools/avr toolchain/bin/../lib/gcc/avr/4.5.1/avr5\libgcc.a(_udivmodsi4.o)
 .data          0x00000000        0x0 d:/aplicaciones/atmel/avr tools/avr toolchain/bin/../lib/gcc/avr/4.5.1/avr5\libgcc.a(_udivmodsi4.o)
 .bss           0x00000000        0x0 d:/aplicaciones/atmel/avr tools/avr toolchain/bin/../lib/gcc/avr/4.5.1/avr5\libgcc.a(_udivmodsi4.o)
 .text          0x00000000        0x0 d:/aplicaciones/atmel/avr tools/avr toolchain/bin/../lib/gcc/avr/4.5.1/avr5\libgcc.a(_exit.o)
 .data          0x00000000        0x0 d:/aplicaciones/atmel/avr tools/avr toolchain/bin/../lib/gcc/avr/4.5.1/avr5\libgcc.a(_exit.o)
 .bss           0x00000000        0x0 d:/aplicaciones/atmel/avr tools/avr toolchain/bin/../lib/gcc/avr/4.5.1/avr5\libgcc.a(_exit.o)
 .text.libgcc   0x00000000        0x0 d:/aplicaciones/atmel/avr tools/avr toolchain/bin/../lib/gcc/avr/4.5.1/avr5\libgcc.a(_exit.o)
 .text          0x00000000        0x0 d:/aplicaciones/atmel/avr tools/avr toolchain/bin/../lib/gcc/avr/4.5.1/avr5\libgcc.a(_copy_data.o)
 .data          0x00000000        0x0 d:/aplicaciones/atmel/avr tools/avr toolchain/bin/../lib/gcc/avr/4.5.1/avr5\libgcc.a(_copy_data.o)
 .bss           0x00000000        0x0 d:/aplicaciones/atmel/avr tools/avr toolchain/bin/../lib/gcc/avr/4.5.1/avr5\libgcc.a(_copy_data.o)
 .text.libgcc   0x00000000        0x0 d:/aplicaciones/atmel/avr tools/avr toolchain/bin/../lib/gcc/avr/4.5.1/avr5\libgcc.a(_copy_data.o)
 .text          0x00000000        0x0 d:/aplicaciones/atmel/avr tools/avr toolchain/bin/../lib/gcc/avr/4.5.1/avr5\libgcc.a(_clear_bss.o)
 .data          0x00000000        0x0 d:/aplicaciones/atmel/avr tools/avr toolchain/bin/../lib/gcc/avr/4.5.1/avr5\libgcc.a(_clear_bss.o)
 .bss           0x00000000        0x0 d:/aplicaciones/atmel/avr tools/avr toolchain/bin/../lib/gcc/avr/4.5.1/avr5\libgcc.a(_clear_bss.o)
 .text.libgcc   0x00000000        0x0 d:/aplicaciones/atmel/avr tools/avr toolchain/bin/../lib/gcc/avr/4.5.1/avr5\libgcc.a(_clear_bss.o)
 .text          0x00000000        0x0 d:/aplicaciones/atmel/avr tools/avr toolchain/bin/../lib/gcc/avr/4.5.1/../../../../avr/lib/avr5\libc.a(itoa.o)
 .data          0x00000000        0x0 d:/aplicaciones/atmel/avr tools/avr toolchain/bin/../lib/gcc/avr/4.5.1/../../../../avr/lib/avr5\libc.a(itoa.o)
 .bss           0x00000000        0x0 d:/aplicaciones/atmel/avr tools/avr toolchain/bin/../lib/gcc/avr/4.5.1/../../../../avr/lib/avr5\libc.a(itoa.o)
 .text          0x00000000        0x0 d:/aplicaciones/atmel/avr tools/avr toolchain/bin/../lib/gcc/avr/4.5.1/../../../../avr/lib/avr5\libc.a(strrev.o)
 .data          0x00000000        0x0 d:/aplicaciones/atmel/avr tools/avr toolchain/bin/../lib/gcc/avr/4.5.1/../../../../avr/lib/avr5\libc.a(strrev.o)
 .bss           0x00000000        0x0 d:/aplicaciones/atmel/avr tools/avr toolchain/bin/../lib/gcc/avr/4.5.1/../../../../avr/lib/avr5\libc.a(strrev.o)

Memory Configuration

Name             Origin             Length             Attributes
text             0x00000000         0x00020000         xr
data             0x00800060         0x0000ffa0         rw !x
eeprom           0x00810000         0x00010000         rw !x
fuse             0x00820000         0x00000400         rw !x
lock             0x00830000         0x00000400         rw !x
signature        0x00840000         0x00000400         rw !x
*default*        0x00000000         0xffffffff

Linker script and memory map

Address of section .data set to 0x800100
LOAD d:/aplicaciones/atmel/avr tools/avr toolchain/bin/../lib/gcc/avr/4.5.1/../../../../avr/lib/avr5/crtm328p.o
LOAD main.o
LOAD Perif/ADC.o
LOAD Perif/LCD.o
LOAD Perif/ULTRASONIC.o
LOAD Perif/USART_irq.o
START GROUP
LOAD d:/aplicaciones/atmel/avr tools/avr toolchain/bin/../lib/gcc/avr/4.5.1/../../../../avr/lib/avr5\libm.a
END GROUP
LOAD d:/aplicaciones/atmel/avr tools/avr toolchain/bin/../lib/gcc/avr/4.5.1/avr5\libgcc.a
LOAD d:/aplicaciones/atmel/avr tools/avr toolchain/bin/../lib/gcc/avr/4.5.1/../../../../avr/lib/avr5\libc.a
LOAD d:/aplicaciones/atmel/avr tools/avr toolchain/bin/../lib/gcc/avr/4.5.1/avr5\libgcc.a

.hash
 *(.hash)

.dynsym
 *(.dynsym)

.dynstr
 *(.dynstr)

.gnu.version
 *(.gnu.version)

.gnu.version_d
 *(.gnu.version_d)

.gnu.version_r
 *(.gnu.version_r)

.rel.init
 *(.rel.init)

.rela.init
 *(.rela.init)

.rel.text
 *(.rel.text)
 *(.rel.text.*)
 *(.rel.gnu.linkonce.t*)

.rela.text
 *(.rela.text)
 *(.rela.text.*)
 *(.rela.gnu.linkonce.t*)

.rel.fini
 *(.rel.fini)

.rela.fini
 *(.rela.fini)

.rel.rodata
 *(.rel.rodata)
 *(.rel.rodata.*)
 *(.rel.gnu.linkonce.r*)

.rela.rodata
 *(.rela.rodata)
 *(.rela.rodata.*)
 *(.rela.gnu.linkonce.r*)

.rel.data
 *(.rel.data)
 *(.rel.data.*)
 *(.rel.gnu.linkonce.d*)

.rela.data
 *(.rela.data)
 *(.rela.data.*)
 *(.rela.gnu.linkonce.d*)

.rel.ctors
 *(.rel.ctors)

.rela.ctors
 *(.rela.ctors)

.rel.dtors
 *(.rel.dtors)

.rela.dtors
 *(.rela.dtors)

.rel.got
 *(.rel.got)

.rela.got
 *(.rela.got)

.rel.bss
 *(.rel.bss)

.rela.bss
 *(.rela.bss)

.rel.plt
 *(.rel.plt)

.rela.plt
 *(.rela.plt)

.text           0x00000000      0x998
 *(.vectors)
 .vectors       0x00000000       0x68 d:/aplicaciones/atmel/avr tools/avr toolchain/bin/../lib/gcc/avr/4.5.1/../../../../avr/lib/avr5/crtm328p.o
                0x00000000                __vector_default
                0x00000000                __vectors
 *(.vectors)
 *(.progmem.gcc*)
 *(.progmem*)
                0x00000068                . = ALIGN (0x2)
                0x00000068                __trampolines_start = .
 *(.trampolines)
 .trampolines   0x00000068        0x0 linker stubs
 *(.trampolines*)
                0x00000068                __trampolines_end = .
 *(.jumptables)
 *(.jumptables*)
 *(.lowtext)
 *(.lowtext*)
                0x00000068                __ctors_start = .
 *(.ctors)
                0x00000068                __ctors_end = .
                0x00000068                __dtors_start = .
 *(.dtors)
                0x00000068                __dtors_end = .
 SORT(*)(.ctors)
 SORT(*)(.dtors)
 *(.init0)
 .init0         0x00000068        0x0 d:/aplicaciones/atmel/avr tools/avr toolchain/bin/../lib/gcc/avr/4.5.1/../../../../avr/lib/avr5/crtm328p.o
                0x00000068                __init
 *(.init0)
 *(.init1)
 *(.init1)
 *(.init2)
 .init2         0x00000068        0xc d:/aplicaciones/atmel/avr tools/avr toolchain/bin/../lib/gcc/avr/4.5.1/../../../../avr/lib/avr5/crtm328p.o
 *(.init2)
 *(.init3)
 *(.init3)
 *(.init4)
 .init4         0x00000074       0x16 d:/aplicaciones/atmel/avr tools/avr toolchain/bin/../lib/gcc/avr/4.5.1/avr5\libgcc.a(_copy_data.o)
                0x00000074                __do_copy_data
 .init4         0x0000008a       0x10 d:/aplicaciones/atmel/avr tools/avr toolchain/bin/../lib/gcc/avr/4.5.1/avr5\libgcc.a(_clear_bss.o)
                0x0000008a                __do_clear_bss
 *(.init4)
 *(.init5)
 *(.init5)
 *(.init6)
 *(.init6)
 *(.init7)
 *(.init7)
 *(.init8)
 *(.init8)
 *(.init9)
 .init9         0x0000009a        0x8 d:/aplicaciones/atmel/avr tools/avr toolchain/bin/../lib/gcc/avr/4.5.1/../../../../avr/lib/avr5/crtm328p.o
 *(.init9)
 *(.text)
 .text          0x000000a2        0x4 d:/aplicaciones/atmel/avr tools/avr toolchain/bin/../lib/gcc/avr/4.5.1/../../../../avr/lib/avr5/crtm328p.o
                0x000000a2                __vector_22
                0x000000a2                __vector_24
                0x000000a2                __vector_12
                0x000000a2                __bad_interrupt
                0x000000a2                __vector_6
                0x000000a2                __vector_3
                0x000000a2                __vector_23
                0x000000a2                __vector_25
                0x000000a2                __vector_11
                0x000000a2                __vector_13
                0x000000a2                __vector_17
                0x000000a2                __vector_5
                0x000000a2                __vector_9
                0x000000a2                __vector_2
                0x000000a2                __vector_15
                0x000000a2                __vector_8
                0x000000a2                __vector_14
                0x000000a2                __vector_10
                0x000000a2                __vector_16
                0x000000a2                __vector_20
                0x000000a6                . = ALIGN (0x2)
 *(.text.*)
 .text.main     0x000000a6      0x162 main.o
                0x000000a6                main
 .text.__vector_1
                0x00000208       0x5c main.o
                0x00000208                __vector_1
 .text.__vector_21
                0x00000264       0x80 main.o
                0x00000264                __vector_21
 .text.ADC_Init
                0x000002e4       0x2c Perif/ADC.o
                0x000002e4                ADC_Init
 .text.lee_bateria
                0x00000310        0xc Perif/ADC.o
                0x00000310                lee_bateria
 .text.Motor_Init
                0x0000031c       0x22 Perif/ADC.o
                0x0000031c                Motor_Init
 .text.Toggle_EN
                0x0000033e       0x12 Perif/LCD.o
                0x0000033e                Toggle_EN
 .text.LCD_cmd  0x00000350       0x32 Perif/LCD.o
                0x00000350                LCD_cmd
 .text.LCD_Write
                0x00000382       0x32 Perif/LCD.o
                0x00000382                LCD_Write
 .text.LCD_WriteString
                0x000003b4       0x1e Perif/LCD.o
                0x000003b4                LCD_WriteString
 .text.LCD_Init
                0x000003d2        0x6 Perif/LCD.o
                0x000003d2                LCD_Init
 .text.LCD_Start
                0x000003d8       0x76 Perif/LCD.o
                0x000003d8                LCD_Start
 .text.LCD_WriteInt
                0x0000044e       0x3e Perif/LCD.o
                0x0000044e                LCD_WriteInt
 .text.LCD_Clear
                0x0000048c        0x8 Perif/LCD.o
                0x0000048c                LCD_Clear
 .text.Ultrasonic_Init
                0x00000494       0x22 Perif/ULTRASONIC.o
                0x00000494                Ultrasonic_Init
 .text.GetDist  0x000004b6       0x32 Perif/ULTRASONIC.o
                0x000004b6                GetDist
 .text.Buzzer_Init
                0x000004e8       0x1e Perif/ULTRASONIC.o
                0x000004e8                Buzzer_Init
 .text.Buzzer_On
                0x00000506      0x1e4 Perif/ULTRASONIC.o
                0x00000506                Buzzer_On
 .text.__vector_7
                0x000006ea       0x78 Perif/ULTRASONIC.o
                0x000006ea                __vector_7
 .text.__vector_4
                0x00000762       0x3a Perif/ULTRASONIC.o
                0x00000762                __vector_4
 .text.USART_Init
                0x0000079c       0x2c Perif/USART_irq.o
                0x0000079c                USART_Init
 .text.__vector_18
                0x000007c8       0x46 Perif/USART_irq.o
                0x000007c8                __vector_18
 .text.__vector_19
                0x0000080e       0x56 Perif/USART_irq.o
                0x0000080e                __vector_19
 .text.USART_Receive
                0x00000864       0x24 Perif/USART_irq.o
                0x00000864                USART_Receive
 .text.libgcc   0x00000888       0x3e d:/aplicaciones/atmel/avr tools/avr toolchain/bin/../lib/gcc/avr/4.5.1/avr5\libgcc.a(_mulsi3.o)
                0x00000888                __mulsi3
 .text.libgcc   0x000008c6       0x28 d:/aplicaciones/atmel/avr tools/avr toolchain/bin/../lib/gcc/avr/4.5.1/avr5\libgcc.a(_udivmodhi4.o)
                0x000008c6                __udivmodhi4
 .text.libgcc   0x000008ee       0x44 d:/aplicaciones/atmel/avr tools/avr toolchain/bin/../lib/gcc/avr/4.5.1/avr5\libgcc.a(_udivmodsi4.o)
                0x000008ee                __udivmodsi4
 .text.avr-libc
                0x00000932       0x42 d:/aplicaciones/atmel/avr tools/avr toolchain/bin/../lib/gcc/avr/4.5.1/../../../../avr/lib/avr5\libc.a(itoa.o)
                0x00000932                itoa
 .text.avr-libc
                0x00000974       0x20 d:/aplicaciones/atmel/avr tools/avr toolchain/bin/../lib/gcc/avr/4.5.1/../../../../avr/lib/avr5\libc.a(strrev.o)
                0x00000974                strrev
                0x00000994                . = ALIGN (0x2)
 *(.fini9)
 .fini9         0x00000994        0x0 d:/aplicaciones/atmel/avr tools/avr toolchain/bin/../lib/gcc/avr/4.5.1/avr5\libgcc.a(_exit.o)
                0x00000994                _exit
                0x00000994                exit
 *(.fini9)
 *(.fini8)
 *(.fini8)
 *(.fini7)
 *(.fini7)
 *(.fini6)
 *(.fini6)
 *(.fini5)
 *(.fini5)
 *(.fini4)
 *(.fini4)
 *(.fini3)
 *(.fini3)
 *(.fini2)
 *(.fini2)
 *(.fini1)
 *(.fini1)
 *(.fini0)
 .fini0         0x00000994        0x4 d:/aplicaciones/atmel/avr tools/avr toolchain/bin/../lib/gcc/avr/4.5.1/avr5\libgcc.a(_exit.o)
 *(.fini0)
                0x00000998                _etext = .

.data           0x00800100       0x5c load address 0x00000998
                0x00800100                PROVIDE (__data_start, .)
 *(.data)
 .data          0x00800100       0x5b main.o
 *(.data*)
 *(.rodata)
 *(.rodata*)
 *(.gnu.linkonce.d*)
                0x0080015c                . = ALIGN (0x2)
 *fill*         0x0080015b        0x1 00
                0x0080015c                _edata = .
                0x0080015c                PROVIDE (__data_end, .)

.bss            0x0080015c       0x21
                0x0080015c                PROVIDE (__bss_start, .)
 *(.bss)
 *(.bss*)
 .bss.distancia
                0x0080015c        0x1 main.o
                0x0080015c                distancia
 .bss.estado    0x0080015d        0x1 main.o
                0x0080015d                estado
 .bss.Ep        0x0080015e        0x1 Perif/ULTRASONIC.o
                0x0080015e                Ep
 .bss.USART_TxHead
                0x0080015f        0x1 Perif/USART_irq.o
 .bss.USART_TxTail
                0x00800160        0x1 Perif/USART_irq.o
 .bss.USART_TxBuf
                0x00800161        0x8 Perif/USART_irq.o
 .bss.USART_RxHead
                0x00800169        0x1 Perif/USART_irq.o
 .bss.USART_RxTail
                0x0080016a        0x1 Perif/USART_irq.o
 .bss.USART_RxBuf
                0x0080016b        0x8 Perif/USART_irq.o
 *(COMMON)
 COMMON         0x00800173        0x6 main.o
                0x00800173                bateria_p
                0x00800175                bateriaLecturaAdc
                0x00800177                bateria_mV
 COMMON         0x00800179        0x4 Perif/ULTRASONIC.o
                0x00800179                timer2_toggle_count
                0x0080017d                PROVIDE (__bss_end, .)
                0x00000998                __data_load_start = LOADADDR (.data)
                0x000009f4                __data_load_end = (__data_load_start + SIZEOF (.data))

.noinit         0x0080017d        0x0
                0x0080017d                PROVIDE (__noinit_start, .)
 *(.noinit*)
                0x0080017d                PROVIDE (__noinit_end, .)
                0x0080017d                _end = .
                0x0080017d                PROVIDE (__heap_start, .)

.eeprom         0x00810000        0x0
 *(.eeprom*)
                0x00810000                __eeprom_end = .

.fuse
 *(.fuse)
 *(.lfuse)
 *(.hfuse)
 *(.efuse)

.lock
 *(.lock*)

.signature
 *(.signature*)

.stab           0x00000000      0x954
 *(.stab)
 .stab          0x00000000      0x6cc d:/aplicaciones/atmel/avr tools/avr toolchain/bin/../lib/gcc/avr/4.5.1/../../../../avr/lib/avr5/crtm328p.o
 .stab          0x000006cc      0x1b0 d:/aplicaciones/atmel/avr tools/avr toolchain/bin/../lib/gcc/avr/4.5.1/../../../../avr/lib/avr5\libc.a(itoa.o)
                                0x1bc (size before relaxing)
 .stab          0x0000087c       0xd8 d:/aplicaciones/atmel/avr tools/avr toolchain/bin/../lib/gcc/avr/4.5.1/../../../../avr/lib/avr5\libc.a(strrev.o)
                                 0xe4 (size before relaxing)

.stabstr        0x00000000      0x183
 *(.stabstr)
 .stabstr       0x00000000      0x183 d:/aplicaciones/atmel/avr tools/avr toolchain/bin/../lib/gcc/avr/4.5.1/../../../../avr/lib/avr5/crtm328p.o

.stab.excl
 *(.stab.excl)

.stab.exclstr
 *(.stab.exclstr)

.stab.index
 *(.stab.index)

.stab.indexstr
 *(.stab.indexstr)

.comment
 *(.comment)

.debug
 *(.debug)

.line
 *(.line)

.debug_srcinfo
 *(.debug_srcinfo)

.debug_sfnames
 *(.debug_sfnames)

.debug_aranges  0x00000000      0x150
 *(.debug_aranges)
 .debug_aranges
                0x00000000       0x30 main.o
 .debug_aranges
                0x00000030       0x30 Perif/ADC.o
 .debug_aranges
                0x00000060       0x58 Perif/LCD.o
 .debug_aranges
                0x000000b8       0x50 Perif/ULTRASONIC.o
 .debug_aranges
                0x00000108       0x48 Perif/USART_irq.o

.debug_pubnames
                0x00000000      0x262
 *(.debug_pubnames)
 .debug_pubnames
                0x00000000       0x86 main.o
 .debug_pubnames
                0x00000086       0x3e Perif/ADC.o
 .debug_pubnames
                0x000000c4       0x88 Perif/LCD.o
 .debug_pubnames
                0x0000014c       0x9c Perif/ULTRASONIC.o
 .debug_pubnames
                0x000001e8       0x7a Perif/USART_irq.o

.debug_info     0x00000000      0xb79
 *(.debug_info)
 .debug_info    0x00000000      0x239 main.o
 .debug_info    0x00000239       0xb3 Perif/ADC.o
 .debug_info    0x000002ec      0x3e0 Perif/LCD.o
 .debug_info    0x000006cc      0x298 Perif/ULTRASONIC.o
 .debug_info    0x00000964      0x215 Perif/USART_irq.o
 *(.gnu.linkonce.wi.*)

.debug_abbrev   0x00000000      0x572
 *(.debug_abbrev)
 .debug_abbrev  0x00000000      0x13f main.o
 .debug_abbrev  0x0000013f       0x4e Perif/ADC.o
 .debug_abbrev  0x0000018d      0x181 Perif/LCD.o
 .debug_abbrev  0x0000030e      0x19d Perif/ULTRASONIC.o
 .debug_abbrev  0x000004ab       0xc7 Perif/USART_irq.o

.debug_line     0x00000000      0xebe
 *(.debug_line)
 .debug_line    0x00000000      0x346 main.o
 .debug_line    0x00000346      0x189 Perif/ADC.o
 .debug_line    0x000004cf      0x397 Perif/LCD.o
 .debug_line    0x00000866      0x3fb Perif/ULTRASONIC.o
 .debug_line    0x00000c61      0x25d Perif/USART_irq.o

.debug_frame    0x00000000      0x200
 *(.debug_frame)
 .debug_frame   0x00000000       0x40 main.o
 .debug_frame   0x00000040       0x40 Perif/ADC.o
 .debug_frame   0x00000080       0x90 Perif/LCD.o
 .debug_frame   0x00000110       0x80 Perif/ULTRASONIC.o
 .debug_frame   0x00000190       0x70 Perif/USART_irq.o

.debug_str      0x00000000      0x37a
 *(.debug_str)
 .debug_str     0x00000000      0x145 main.o
                                0x17e (size before relaxing)
 .debug_str     0x00000145       0x2f Perif/ADC.o
                                 0xe7 (size before relaxing)
 .debug_str     0x00000174       0x86 Perif/LCD.o
                                0x1ab (size before relaxing)
 .debug_str     0x000001fa       0xa7 Perif/ULTRASONIC.o
                                0x1d5 (size before relaxing)
 .debug_str     0x000002a1       0xd9 Perif/USART_irq.o
                                0x191 (size before relaxing)

.debug_loc      0x00000000      0x3f3
 *(.debug_loc)
 .debug_loc     0x00000000       0x2a main.o
 .debug_loc     0x0000002a       0x77 Perif/LCD.o
 .debug_loc     0x000000a1      0x270 Perif/ULTRASONIC.o
 .debug_loc     0x00000311       0xe2 Perif/USART_irq.o

.debug_macinfo
 *(.debug_macinfo)
OUTPUT(Skate_M1.elf elf32-avr)
LOAD linker stubs

.debug_pubtypes
                0x00000000       0xfb
 .debug_pubtypes
                0x00000000       0x38 main.o
 .debug_pubtypes
                0x00000038       0x1e Perif/ADC.o
 .debug_pubtypes
                0x00000056       0x43 Perif/LCD.o
 .debug_pubtypes
                0x00000099       0x44 Perif/ULTRASONIC.o
 .debug_pubtypes
                0x000000dd       0x1e Perif/USART_irq.o

.debug_ranges   0x00000000      0x100
 .debug_ranges  0x00000000       0x20 main.o
 .debug_ranges  0x00000020       0x20 Perif/ADC.o
 .debug_ranges  0x00000040       0x48 Perif/LCD.o
 .debug_ranges  0x00000088       0x40 Perif/ULTRASONIC.o
 .debug_ranges  0x000000c8       0x38 Perif/USART_irq.o
